---
source: crates/ktsense-cli/tests/map.rs
expression: record(&run)
---
exit 0
stderr empty
---
# Repository map

Budget 60 tokens, content bound 60. 1 file shown, 8 omitted.

## core/src/main/kotlin/shop/order/Order.kt

```kotlin
data class Order(val id: OrderId, val customerEmail: String, val totalCents: Long)
data class OrderId(val value: Long)
```

Ranking is syntactic: files are ordered by import centrality, then by how often their declarations are referenced by name across the corpus, with import counts breaking ties. A reference is an identifier occurrence outside an import, counted by name and not type-checked, so declarations sharing a simple name across packages share a count.
