---
source: crates/ktsense-cli/tests/trace.rs
expression: record(&run)
---
exit 3
stderr ambiguous: 3 declarations named save; rerun with --pick shop.db.InMemoryOrderRepository.save
---
## Ambiguous: save (3 candidates)

```text
shop.db.InMemoryOrderRepository.save  fun  db/src/main/kotlin/shop/db/InMemoryOrderRepository.kt:13  override fun save(order: Order): OrderId
shop.db.JdbcOrderRepository.save  fun  db/src/main/kotlin/shop/db/JdbcOrderRepository.kt:8  override fun save(order: Order): OrderId
shop.order.OrderRepository.save  fun  core/src/main/kotlin/shop/order/OrderRepository.kt:4  fun save(order: Order): OrderId
```

ambiguous: 3 declarations named save; rerun with --pick shop.db.InMemoryOrderRepository.save
